#
# There is insufficient memory for the Java Runtime Environment to continue.
# Native memory allocation (malloc) failed to allocate 262168 bytes. Error detail: Chunk::new
# Possible reasons:
#   The system is out of physical RAM or swap space
#   This process is running with CompressedOops enabled, and the Java Heap may be blocking the growth of the native heap
# Possible solutions:
#   Reduce memory load on the system
#   Increase physical memory or swap space
#   Check if swap backing store is full
#   Decrease Java heap size (-Xmx/-Xms)
#   Decrease number of Java threads
#   Decrease Java thread stack sizes (-Xss)
#   Set larger code cache with -XX:ReservedCodeCacheSize=
#   JVM is running with Unscaled Compressed Oops mode in which the Java heap is
#     placed in the first 4GB address space. The Java Heap base address is the
#     maximum limit for the native heap growth. Please use -XX:HeapBaseMinAddress
#     to set the Java Heap base and to place the Java Heap above 4GB virtual address.
# This output file may be truncated or incomplete.
#
#  Out of Memory Error (arena.cpp:186), pid=112, tid=8132
#
# JRE version: OpenJDK Runtime Environment (25.0.3) (build 25.0.3+-15898627-b508.16)
# Java VM: OpenJDK 64-Bit Server VM (25.0.3+-15898627-b508.16, mixed mode, tiered, compressed oops, compressed class ptrs, g1 gc, windows-amd64)
# No core dump will be written. Minidumps are not enabled by default on client versions of Windows
#

---------------  S U M M A R Y ------------

Command Line: git4idea.http.GitAskPassApp Username for 'https://github.com': 

Host: Intel(R) Core(TM) i5-4210M CPU @ 2.60GHz, 4 cores, 7G,  Windows 10 , 64 bit Build 19041 (10.0.19041.5915)
Time: Sat Sep 19 07:25:23 2026 India Standard Time elapsed time: 0.821974 seconds (0d 0h 0m 0s)

---------------  T H R E A D  ---------------

Current thread (0x000001d7d87c9150):  JavaThread "C2 CompilerThread0" daemon [_thread_in_native, id=8132, stack(0x000000175bd00000,0x000000175be00000) (1024K)]


Current CompileTask:
C2:822 1063       4       sun.security.ec.ECOperations::setDouble (463 bytes)

Stack: [0x000000175bd00000,0x000000175be00000]
Native frames: (J=compiled Java code, j=interpreted, Vv=VM code, C=native code)
V  [jvm.dll+0x7bf039]  (no source info available)
V  [jvm.dll+0x78912d]  (no source info available)
V  [jvm.dll+0xa0e615]  (no source info available)
V  [jvm.dll+0xa10c94]  (no source info available)
V  [jvm.dll+0xa11393]  (no source info available)
V  [jvm.dll+0x30a116]  (no source info available)
V  [jvm.dll+0x10eda9]  (no source info available)
V  [jvm.dll+0x10f0d2]  (no source info available)
V  [jvm.dll+0x10eba7]  (no source info available)
V  [jvm.dll+0x7956cc]  (no source info available)
V  [jvm.dll+0x735041]  (no source info available)
V  [jvm.dll+0x73b5f4]  (no source info available)
V  [jvm.dll+0x73c545]  (no source info available)
V  [jvm.dll+0x73a5d3]  (no source info available)
V  [jvm.dll+0x2ce1a6]  (no source info available)
V  [jvm.dll+0x2cd641]  (no source info available)
V  [jvm.dll+0x24334a]  (no source info available)
V  [jvm.dll+0x2dd025]  (no source info available)
V  [jvm.dll+0x2db226]  (no source info available)
V  [jvm.dll+0x49c12e]  (no source info available)
V  [jvm.dll+0x9ad738]  (no source info available)
V  [jvm.dll+0x7bd585]  (no source info available)
C  [ucrtbase.dll+0x21bb2]  (no source info available)
C  [KERNEL32.DLL+0x17374]  (no source info available)
C  [ntdll.dll+0x4cc91]  (no source info available)

Lock stack of current Java thread (top to bottom):


---------------  P R O C E S S  ---------------

Threads class SMR info:
_java_thread_list=0x000001d7dd541c90, length=14, elements={
0x000001d7bf46bbe0, 0x000001d7d879cb60, 0x000001d7d87a0030, 0x000001d7d87ba920,
0x000001d7d87d7fa0, 0x000001d7d87e8c80, 0x000001d7d87bb610, 0x000001d7d87bbdd0,
0x000001d7d87c9150, 0x000001d7d87e9f70, 0x000001d7d8a34ef0, 0x000001d7d8a356c0,
0x000001d7d8a35e90, 0x000001d7d8a36e30
}

Java Threads: ( => current thread )
  0x000001d7bf46bbe0 JavaThread "main"                              [_thread_blocked, id=3720, stack(0x000000175ae00000,0x000000175af00000) (1024K)]
  0x000001d7d879cb60 JavaThread "Common-Cleaner"             daemon [_thread_blocked, id=15608, stack(0x000000175b600000,0x000000175b700000) (1024K)]
  0x000001d7d87a0030 JavaThread "Reference Handler"          daemon [_thread_blocked, id=12712, stack(0x000000175b700000,0x000000175b800000) (1024K)]
  0x000001d7d87ba920 JavaThread "Finalizer"                  daemon [_thread_blocked, id=15052, stack(0x000000175b800000,0x000000175b900000) (1024K)]
  0x000001d7d87d7fa0 JavaThread "Signal Dispatcher"          daemon [_thread_blocked, id=12936, stack(0x000000175b900000,0x000000175ba00000) (1024K)]
  0x000001d7d87e8c80 JavaThread "Attach Listener"            daemon [_thread_blocked, id=8912, stack(0x000000175ba00000,0x000000175bb00000) (1024K)]
  0x000001d7d87bb610 JavaThread "Service Thread"             daemon [_thread_blocked, id=6808, stack(0x000000175bb00000,0x000000175bc00000) (1024K)]
  0x000001d7d87bbdd0 JavaThread "Monitor Deflation Thread"   daemon [_thread_blocked, id=5316, stack(0x000000175bc00000,0x000000175bd00000) (1024K)]
=>0x000001d7d87c9150 JavaThread "C2 CompilerThread0"         daemon [_thread_in_native, id=8132, stack(0x000000175bd00000,0x000000175be00000) (1024K)]
  0x000001d7d87e9f70 JavaThread "C1 CompilerThread0"         daemon [_thread_blocked, id=11460, stack(0x000000175be00000,0x000000175bf00000) (1024K)]
  0x000001d7d8a34ef0 JavaThread "Notification Thread"        daemon [_thread_blocked, id=11524, stack(0x000000175bf00000,0x000000175c000000) (1024K)]
  0x000001d7d8a356c0 JavaThread "HttpClient-1-SelectorManager" daemon [_thread_in_native, id=14216, stack(0x000000175c000000,0x000000175c100000) (1024K)]
  0x000001d7d8a35e90 JavaThread "HttpClient-1-Worker-0"      daemon [_thread_blocked, id=1928, stack(0x000000175c200000,0x000000175c300000) (1024K)]
  0x000001d7d8a36e30 JavaThread "HttpClient-1-Worker-1"      daemon [_thread_blocked, id=7580, stack(0x000000175c300000,0x000000175c400000) (1024K)]
Total: 14

Other Threads:
  0x000001d7d87579a0 VMThread "VM Thread"                           [id=9500, stack(0x000000175b500000,0x000000175b600000) (1024K)]
  0x000001d7d87390b0 WatcherThread "VM Periodic Task Thread"        [id=4576, stack(0x000000175b400000,0x000000175b500000) (1024K)]
  0x000001d7c176d270 WorkerThread "GC Thread#0"                     [id=11528, stack(0x000000175af00000,0x000000175b000000) (1024K)]
  0x000001d7c17c6410 ConcurrentGCThread "G1 Main Marker"            [id=16964, stack(0x000000175b000000,0x000000175b100000) (1024K)]
  0x000001d7c17c7f60 WorkerThread "G1 Conc#0"                       [id=16544, stack(0x000000175b100000,0x000000175b200000) (1024K)]
  0x000001d7d8609d40 ConcurrentGCThread "G1 Refine#0"               [id=12960, stack(0x000000175b200000,0x000000175b300000) (1024K)]
  0x000001d7d860b760 ConcurrentGCThread "G1 Service"                [id=11380, stack(0x000000175b300000,0x000000175b400000) (1024K)]
Total: 7

Threads with active compile tasks:
C2 CompilerThread0  923 1063       4       sun.security.ec.ECOperations::setDouble (463 bytes)
Total: 1

VM state: not at safepoint (normal execution)

VM Mutex/Monitor currently owned by a thread: None

Heap address: 0x0000000081800000, size: 2024 MB, Compressed Oops mode: 32-bit

CDS archive(s) not mapped
Compressed class space mapped at: 0x0000000032000000-0x0000000072000000, reserved size: 1073741824
UseCompressedClassPointers 1, UseCompactObjectHeaders 0
Narrow klass pointer bits 32, Max shift 3
Narrow klass base: 0x0000000000000000, Narrow klass shift: 0
Encoding Range: [0x0000000000000000 - 0x0000000100000000), (4294967296 bytes)
Klass Range:    [0x0000000032000000 - 0x0000000072000000), (1073741824 bytes)
Klass ID Range:  [838860800 - 1912602617) (1073741817)
No protection zone.

GC Precious Log:
 CardTable entry size: 512
 Card Set container configuration: InlinePtr #cards 5 size 8 Array Of Cards #cards 10 size 36 Howl #buckets 4 coarsen threshold 1843 Howl Bitmap #cards 512 size 80 coarsen threshold 460 Card regions per heap region 1 cards per card region 2048
 CPUs: 4 total, 4 available
 Memory: 8089M
 Large Page Support: Disabled
 NUMA Support: Disabled
 Compressed Oops: Enabled (32-bit)
 Heap Region Size: 1M
 Heap Min Capacity: 8M
 Heap Initial Capacity: 128M
 Heap Max Capacity: 2024M
 Pre-touch: Disabled
 Parallel Workers: 4
 Concurrent Workers: 1
 Concurrent Refinement Workers: 4
 Periodic GC: Disabled

Heap:
 garbage-first heap   total reserved 2072576K, committed 131072K, used 16384K [0x0000000081800000, 0x0000000100000000)
  region size 1024K, 17 young (17408K), 0 survivors (0K)

Heap Regions: E=young(eden), S=young(survivor), O=old, HS=humongous(starts), HC=humongous(continues), CS=collection set, F=free, TAMS=top-at-mark-start, PB=parsable bottom
|   0|0x0000000081800000, 0x0000000081800000, 0x0000000081900000|  0%| F|  |TAMS 0x0000000081800000| PB 0x0000000081800000| Untracked |  0
|   1|0x0000000081900000, 0x0000000081900000, 0x0000000081a00000|  0%| F|  |TAMS 0x0000000081900000| PB 0x0000000081900000| Untracked |  0
|   2|0x0000000081a00000, 0x0000000081a00000, 0x0000000081b00000|  0%| F|  |TAMS 0x0000000081a00000| PB 0x0000000081a00000| Untracked |  0
|   3|0x0000000081b00000, 0x0000000081b00000, 0x0000000081c00000|  0%| F|  |TAMS 0x0000000081b00000| PB 0x0000000081b00000| Untracked |  0
|   4|0x0000000081c00000, 0x0000000081c00000, 0x0000000081d00000|  0%| F|  |TAMS 0x0000000081c00000| PB 0x0000000081c00000| Untracked |  0
|   5|0x0000000081d00000, 0x0000000081d00000, 0x0000000081e00000|  0%| F|  |TAMS 0x0000000081d00000| PB 0x0000000081d00000| Untracked |  0
|   6|0x0000000081e00000, 0x0000000081e00000, 0x0000000081f00000|  0%| F|  |TAMS 0x0000000081e00000| PB 0x0000000081e00000| Untracked |  0
|   7|0x0000000081f00000, 0x0000000081f00000, 0x0000000082000000|  0%| F|  |TAMS 0x0000000081f00000| PB 0x0000000081f00000| Untracked |  0
|   8|0x0000000082000000, 0x0000000082000000, 0x0000000082100000|  0%| F|  |TAMS 0x0000000082000000| PB 0x0000000082000000| Untracked |  0
|   9|0x0000000082100000, 0x0000000082100000, 0x0000000082200000|  0%| F|  |TAMS 0x0000000082100000| PB 0x0000000082100000| Untracked |  0
|  10|0x0000000082200000, 0x0000000082200000, 0x0000000082300000|  0%| F|  |TAMS 0x0000000082200000| PB 0x0000000082200000| Untracked |  0
|  11|0x0000000082300000, 0x0000000082300000, 0x0000000082400000|  0%| F|  |TAMS 0x0000000082300000| PB 0x0000000082300000| Untracked |  0
|  12|0x0000000082400000, 0x0000000082400000, 0x0000000082500000|  0%| F|  |TAMS 0x0000000082400000| PB 0x0000000082400000| Untracked |  0
|  13|0x0000000082500000, 0x0000000082500000, 0x0000000082600000|  0%| F|  |TAMS 0x0000000082500000| PB 0x0000000082500000| Untracked |  0
|  14|0x0000000082600000, 0x0000000082600000, 0x0000000082700000|  0%| F|  |TAMS 0x0000000082600000| PB 0x0000000082600000| Untracked |  0
|  15|0x0000000082700000, 0x0000000082700000, 0x0000000082800000|  0%| F|  |TAMS 0x0000000082700000| PB 0x0000000082700000| Untracked |  0
|  16|0x0000000082800000, 0x0000000082800000, 0x0000000082900000|  0%| F|  |TAMS 0x0000000082800000| PB 0x0000000082800000| Untracked |  0
|  17|0x0000000082900000, 0x0000000082900000, 0x0000000082a00000|  0%| F|  |TAMS 0x0000000082900000| PB 0x0000000082900000| Untracked |  0
|  18|0x0000000082a00000, 0x0000000082a00000, 0x0000000082b00000|  0%| F|  |TAMS 0x0000000082a00000| PB 0x0000000082a00000| Untracked |  0
|  19|0x0000000082b00000, 0x0000000082b00000, 0x0000000082c00000|  0%| F|  |TAMS 0x0000000082b00000| PB 0x0000000082b00000| Untracked |  0
|  20|0x0000000082c00000, 0x0000000082c00000, 0x0000000082d00000|  0%| F|  |TAMS 0x0000000082c00000| PB 0x0000000082c00000| Untracked |  0
|  21|0x0000000082d00000, 0x0000000082d00000, 0x0000000082e00000|  0%| F|  |TAMS 0x0000000082d00000| PB 0x0000000082d00000| Untracked |  0
|  22|0x0000000082e00000, 0x0000000082e00000, 0x0000000082f00000|  0%| F|  |TAMS 0x0000000082e00000| PB 0x0000000082e00000| Untracked |  0
|  23|0x0000000082f00000, 0x0000000082f00000, 0x0000000083000000|  0%| F|  |TAMS 0x0000000082f00000| PB 0x0000000082f00000| Untracked |  0
|  24|0x0000000083000000, 0x0000000083000000, 0x0000000083100000|  0%| F|  |TAMS 0x0000000083000000| PB 0x0000000083000000| Untracked |  0
|  25|0x0000000083100000, 0x0000000083100000, 0x0000000083200000|  0%| F|  |TAMS 0x0000000083100000| PB 0x0000000083100000| Untracked |  0
|  26|0x0000000083200000, 0x0000000083200000, 0x0000000083300000|  0%| F|  |TAMS 0x0000000083200000| PB 0x0000000083200000| Untracked |  0
|  27|0x0000000083300000, 0x0000000083300000, 0x0000000083400000|  0%| F|  |TAMS 0x0000000083300000| PB 0x0000000083300000| Untracked |  0
|  28|0x0000000083400000, 0x0000000083400000, 0x0000000083500000|  0%| F|  |TAMS 0x0000000083400000| PB 0x0000000083400000| Untracked |  0
|  29|0x0000000083500000, 0x0000000083500000, 0x0000000083600000|  0%| F|  |TAMS 0x0000000083500000| PB 0x0000000083500000| Untracked |  0
|  30|0x0000000083600000, 0x0000000083600000, 0x0000000083700000|  0%| F|  |TAMS 0x0000000083600000| PB 0x0000000083600000| Untracked |  0
|  31|0x0000000083700000, 0x0000000083700000, 0x0000000083800000|  0%| F|  |TAMS 0x0000000083700000| PB 0x0000000083700000| Untracked |  0
|  32|0x0000000083800000, 0x0000000083800000, 0x0000000083900000|  0%| F|  |TAMS 0x0000000083800000| PB 0x0000000083800000| Untracked |  0
|  33|0x0000000083900000, 0x0000000083900000, 0x0000000083a00000|  0%| F|  |TAMS 0x0000000083900000| PB 0x0000000083900000| Untracked |  0
|  34|0x0000000083a00000, 0x0000000083a00000, 0x0000000083b00000|  0%| F|  |TAMS 0x0000000083a00000| PB 0x0000000083a00000| Untracked |  0
|  35|0x0000000083b00000, 0x0000000083b00000, 0x0000000083c00000|  0%| F|  |TAMS 0x0000000083b00000| PB 0x0000000083b00000| Untracked |  0
|  36|0x0000000083c00000, 0x0000000083c00000, 0x0000000083d00000|  0%| F|  |TAMS 0x0000000083c00000| PB 0x0000000083c00000| Untracked |  0
|  37|0x0000000083d00000, 0x0000000083d00000, 0x0000000083e00000|  0%| F|  |TAMS 0x0000000083d00000| PB 0x0000000083d00000| Untracked |  0
|  38|0x0000000083e00000, 0x0000000083e00000, 0x0000000083f00000|  0%| F|  |TAMS 0x0000000083e00000| PB 0x0000000083e00000| Untracked |  0
|  39|0x0000000083f00000, 0x0000000083f00000, 0x0000000084000000|  0%| F|  |TAMS 0x0000000083f00000| PB 0x0000000083f00000| Untracked |  0
|  40|0x0000000084000000, 0x0000000084000000, 0x0000000084100000|  0%| F|  |TAMS 0x0000000084000000| PB 0x0000000084000000| Untracked |  0
|  41|0x0000000084100000, 0x0000000084100000, 0x0000000084200000|  0%| F|  |TAMS 0x0000000084100000| PB 0x0000000084100000| Untracked |  0
|  42|0x0000000084200000, 0x0000000084200000, 0x0000000084300000|  0%| F|  |TAMS 0x0000000084200000| PB 0x0000000084200000| Untracked |  0
|  43|0x0000000084300000, 0x0000000084300000, 0x0000000084400000|  0%| F|  |TAMS 0x0000000084300000| PB 0x0000000084300000| Untracked |  0
|  44|0x0000000084400000, 0x0000000084400000, 0x0000000084500000|  0%| F|  |TAMS 0x0000000084400000| PB 0x0000000084400000| Untracked |  0
|  45|0x0000000084500000, 0x0000000084500000, 0x0000000084600000|  0%| F|  |TAMS 0x0000000084500000| PB 0x0000000084500000| Untracked |  0
|  46|0x0000000084600000, 0x0000000084600000, 0x0000000084700000|  0%| F|  |TAMS 0x0000000084600000| PB 0x0000000084600000| Untracked |  0
|  47|0x0000000084700000, 0x0000000084700000, 0x0000000084800000|  0%| F|  |TAMS 0x0000000084700000| PB 0x0000000084700000| Untracked |  0
|  48|0x0000000084800000, 0x0000000084800000, 0x0000000084900000|  0%| F|  |TAMS 0x0000000084800000| PB 0x0000000084800000| Untracked |  0
|  49|0x0000000084900000, 0x0000000084900000, 0x0000000084a00000|  0%| F|  |TAMS 0x0000000084900000| PB 0x0000000084900000| Untracked |  0
|  50|0x0000000084a00000, 0x0000000084a00000, 0x0000000084b00000|  0%| F|  |TAMS 0x0000000084a00000| PB 0x0000000084a00000| Untracked |  0
|  51|0x0000000084b00000, 0x0000000084b00000, 0x0000000084c00000|  0%| F|  |TAMS 0x0000000084b00000| PB 0x0000000084b00000| Untracked |  0
|  52|0x0000000084c00000, 0x0000000084c00000, 0x0000000084d00000|  0%| F|  |TAMS 0x0000000084c00000| PB 0x0000000084c00000| Untracked |  0
|  53|0x0000000084d00000, 0x0000000084d00000, 0x0000000084e00000|  0%| F|  |TAMS 0x0000000084d00000| PB 0x0000000084d00000| Untracked |  0
|  54|0x0000000084e00000, 0x0000000084e00000, 0x0000000084f00000|  0%| F|  |TAMS 0x0000000084e00000| PB 0x0000000084e00000| Untracked |  0
|  55|0x0000000084f00000, 0x0000000084f00000, 0x0000000085000000|  0%| F|  |TAMS 0x0000000084f00000| PB 0x0000000084f00000| Untracked |  0
|  56|0x0000000085000000, 0x0000000085000000, 0x0000000085100000|  0%| F|  |TAMS 0x0000000085000000| PB 0x0000000085000000| Untracked |  0
|  57|0x0000000085100000, 0x0000000085100000, 0x0000000085200000|  0%| F|  |TAMS 0x0000000085100000| PB 0x0000000085100000| Untracked |  0
|  58|0x0000000085200000, 0x0000000085200000, 0x0000000085300000|  0%| F|  |TAMS 0x0000000085200000| PB 0x0000000085200000| Untracked |  0
|  59|0x0000000085300000, 0x0000000085300000, 0x0000000085400000|  0%| F|  |TAMS 0x0000000085300000| PB 0x0000000085300000| Untracked |  0
|  60|0x0000000085400000, 0x0000000085400000, 0x0000000085500000|  0%| F|  |TAMS 0x0000000085400000| PB 0x0000000085400000| Untracked |  0
|  61|0x0000000085500000, 0x0000000085500000, 0x0000000085600000|  0%| F|  |TAMS 0x0000000085500000| PB 0x0000000085500000| Untracked |  0
|  62|0x0000000085600000, 0x0000000085600000, 0x0000000085700000|  0%| F|  |TAMS 0x0000000085600000| PB 0x0000000085600000| Untracked |  0
|  63|0x0000000085700000, 0x0000000085700000, 0x0000000085800000|  0%| F|  |TAMS 0x0000000085700000| PB 0x0000000085700000| Untracked |  0
|  64|0x0000000085800000, 0x0000000085800000, 0x0000000085900000|  0%| F|  |TAMS 0x0000000085800000| PB 0x0000000085800000| Untracked |  0
|  65|0x0000000085900000, 0x0000000085900000, 0x0000000085a00000|  0%| F|  |TAMS 0x0000000085900000| PB 0x0000000085900000| Untracked |  0
|  66|0x0000000085a00000, 0x0000000085a00000, 0x0000000085b00000|  0%| F|  |TAMS 0x0000000085a00000| PB 0x0000000085a00000| Untracked |  0
|  67|0x0000000085b00000, 0x0000000085b00000, 0x0000000085c00000|  0%| F|  |TAMS 0x0000000085b00000| PB 0x0000000085b00000| Untracked |  0
|  68|0x0000000085c00000, 0x0000000085c00000, 0x0000000085d00000|  0%| F|  |TAMS 0x0000000085c00000| PB 0x0000000085c00000| Untracked |  0
|  69|0x0000000085d00000, 0x0000000085d00000, 0x0000000085e00000|  0%| F|  |TAMS 0x0000000085d00000| PB 0x0000000085d00000| Untracked |  0
|  70|0x0000000085e00000, 0x0000000085e00000, 0x0000000085f00000|  0%| F|  |TAMS 0x0000000085e00000| PB 0x0000000085e00000| Untracked |  0
|  71|0x0000000085f00000, 0x0000000085f00000, 0x0000000086000000|  0%| F|  |TAMS 0x0000000085f00000| PB 0x0000000085f00000| Untracked |  0
|  72|0x0000000086000000, 0x0000000086000000, 0x0000000086100000|  0%| F|  |TAMS 0x0000000086000000| PB 0x0000000086000000| Untracked |  0
|  73|0x0000000086100000, 0x0000000086100000, 0x0000000086200000|  0%| F|  |TAMS 0x0000000086100000| PB 0x0000000086100000| Untracked |  0
|  74|0x0000000086200000, 0x0000000086200000, 0x0000000086300000|  0%| F|  |TAMS 0x0000000086200000| PB 0x0000000086200000| Untracked |  0
|  75|0x0000000086300000, 0x0000000086300000, 0x0000000086400000|  0%| F|  |TAMS 0x0000000086300000| PB 0x0000000086300000| Untracked |  0
|  76|0x0000000086400000, 0x0000000086400000, 0x0000000086500000|  0%| F|  |TAMS 0x0000000086400000| PB 0x0000000086400000| Untracked |  0
|  77|0x0000000086500000, 0x0000000086500000, 0x0000000086600000|  0%| F|  |TAMS 0x0000000086500000| PB 0x0000000086500000| Untracked |  0
|  78|0x0000000086600000, 0x0000000086600000, 0x0000000086700000|  0%| F|  |TAMS 0x0000000086600000| PB 0x0000000086600000| Untracked |  0
|  79|0x0000000086700000, 0x0000000086700000, 0x0000000086800000|  0%| F|  |TAMS 0x0000000086700000| PB 0x0000000086700000| Untracked |  0
|  80|0x0000000086800000, 0x0000000086800000, 0x0000000086900000|  0%| F|  |TAMS 0x0000000086800000| PB 0x0000000086800000| Untracked |  0
|  81|0x0000000086900000, 0x0000000086900000, 0x0000000086a00000|  0%| F|  |TAMS 0x0000000086900000| PB 0x0000000086900000| Untracked |  0
|  82|0x0000000086a00000, 0x0000000086a00000, 0x0000000086b00000|  0%| F|  |TAMS 0x0000000086a00000| PB 0x0000000086a00000| Untracked |  0
|  83|0x0000000086b00000, 0x0000000086b00000, 0x0000000086c00000|  0%| F|  |TAMS 0x0000000086b00000| PB 0x0000000086b00000| Untracked |  0
|  84|0x0000000086c00000, 0x0000000086c00000, 0x0000000086d00000|  0%| F|  |TAMS 0x0000000086c00000| PB 0x0000000086c00000| Untracked |  0
|  85|0x0000000086d00000, 0x0000000086d00000, 0x0000000086e00000|  0%| F|  |TAMS 0x0000000086d00000| PB 0x0000000086d00000| Untracked |  0
|  86|0x0000000086e00000, 0x0000000086e00000, 0x0000000086f00000|  0%| F|  |TAMS 0x0000000086e00000| PB 0x0000000086e00000| Untracked |  0
|  87|0x0000000086f00000, 0x0000000086f00000, 0x0000000087000000|  0%| F|  |TAMS 0x0000000086f00000| PB 0x0000000086f00000| Untracked |  0
|  88|0x0000000087000000, 0x0000000087000000, 0x0000000087100000|  0%| F|  |TAMS 0x0000000087000000| PB 0x0000000087000000| Untracked |  0
|  89|0x0000000087100000, 0x0000000087100000, 0x0000000087200000|  0%| F|  |TAMS 0x0000000087100000| PB 0x0000000087100000| Untracked |  0
|  90|0x0000000087200000, 0x0000000087200000, 0x0000000087300000|  0%| F|  |TAMS 0x0000000087200000| PB 0x0000000087200000| Untracked |  0
|  91|0x0000000087300000, 0x0000000087300000, 0x0000000087400000|  0%| F|  |TAMS 0x0000000087300000| PB 0x0000000087300000| Untracked |  0
|  92|0x0000000087400000, 0x0000000087400000, 0x0000000087500000|  0%| F|  |TAMS 0x0000000087400000| PB 0x0000000087400000| Untracked |  0
|  93|0x0000000087500000, 0x0000000087500000, 0x0000000087600000|  0%| F|  |TAMS 0x0000000087500000| PB 0x0000000087500000| Untracked |  0
|  94|0x0000000087600000, 0x0000000087600000, 0x0000000087700000|  0%| F|  |TAMS 0x0000000087600000| PB 0x0000000087600000| Untracked |  0
|  95|0x0000000087700000, 0x0000000087700000, 0x0000000087800000|  0%| F|  |TAMS 0x0000000087700000| PB 0x0000000087700000| Untracked |  0
|  96|0x0000000087800000, 0x0000000087800000, 0x0000000087900000|  0%| F|  |TAMS 0x0000000087800000| PB 0x0000000087800000| Untracked |  0
|  97|0x0000000087900000, 0x0000000087900000, 0x0000000087a00000|  0%| F|  |TAMS 0x0000000087900000| PB 0x0000000087900000| Untracked |  0
|  98|0x0000000087a00000, 0x0000000087a00000, 0x0000000087b00000|  0%| F|  |TAMS 0x0000000087a00000| PB 0x0000000087a00000| Untracked |  0
|  99|0x0000000087b00000, 0x0000000087b00000, 0x0000000087c00000|  0%| F|  |TAMS 0x0000000087b00000| PB 0x0000000087b00000| Untracked |  0
| 100|0x0000000087c00000, 0x0000000087c00000, 0x0000000087d00000|  0%| F|  |TAMS 0x0000000087c00000| PB 0x0000000087c00000| Untracked |  0
| 101|0x0000000087d00000, 0x0000000087d00000, 0x0000000087e00000|  0%| F|  |TAMS 0x0000000087d00000| PB 0x0000000087d00000| Untracked |  0
| 102|0x0000000087e00000, 0x0000000087e00000, 0x0000000087f00000|  0%| F|  |TAMS 0x0000000087e00000| PB 0x0000000087e00000| Untracked |  0
| 103|0x0000000087f00000, 0x0000000087f00000, 0x0000000088000000|  0%| F|  |TAMS 0x0000000087f00000| PB 0x0000000087f00000| Untracked |  0
| 104|0x0000000088000000, 0x0000000088000000, 0x0000000088100000|  0%| F|  |TAMS 0x0000000088000000| PB 0x0000000088000000| Untracked |  0
| 105|0x0000000088100000, 0x0000000088100000, 0x0000000088200000|  0%| F|  |TAMS 0x0000000088100000| PB 0x0000000088100000| Untracked |  0
| 106|0x0000000088200000, 0x0000000088200000, 0x0000000088300000|  0%| F|  |TAMS 0x0000000088200000| PB 0x0000000088200000| Untracked |  0
| 107|0x0000000088300000, 0x0000000088300000, 0x0000000088400000|  0%| F|  |TAMS 0x0000000088300000| PB 0x0000000088300000| Untracked |  0
| 108|0x0000000088400000, 0x0000000088400000, 0x0000000088500000|  0%| F|  |TAMS 0x0000000088400000| PB 0x0000000088400000| Untracked |  0
| 109|0x0000000088500000, 0x0000000088500000, 0x0000000088600000|  0%| F|  |TAMS 0x0000000088500000| PB 0x0000000088500000| Untracked |  0
| 110|0x0000000088600000, 0x0000000088600000, 0x0000000088700000|  0%| F|  |TAMS 0x0000000088600000| PB 0x0000000088600000| Untracked |  0
| 111|0x0000000088700000, 0x0000000088800000, 0x0000000088800000|100%| E|  |TAMS 0x0000000088700000| PB 0x0000000088700000| Complete |  0
| 112|0x0000000088800000, 0x0000000088900000, 0x0000000088900000|100%| E|CS|TAMS 0x0000000088800000| PB 0x0000000088800000| Complete |  0
| 113|0x0000000088900000, 0x0000000088a00000, 0x0000000088a00000|100%| E|CS|TAMS 0x0000000088900000| PB 0x0000000088900000| Complete |  0
| 114|0x0000000088a00000, 0x0000000088b00000, 0x0000000088b00000|100%| E|CS|TAMS 0x0000000088a00000| PB 0x0000000088a00000| Complete |  0
| 115|0x0000000088b00000, 0x0000000088c00000, 0x0000000088c00000|100%| E|CS|TAMS 0x0000000088b00000| PB 0x0000000088b00000| Complete |  0
| 116|0x0000000088c00000, 0x0000000088d00000, 0x0000000088d00000|100%| E|CS|TAMS 0x0000000088c00000| PB 0x0000000088c00000| Complete |  0
| 117|0x0000000088d00000, 0x0000000088e00000, 0x0000000088e00000|100%| E|CS|TAMS 0x0000000088d00000| PB 0x0000000088d00000| Complete |  0
| 118|0x0000000088e00000, 0x0000000088f00000, 0x0000000088f00000|100%| E|CS|TAMS 0x0000000088e00000| PB 0x0000000088e00000| Complete |  0
| 119|0x0000000088f00000, 0x0000000089000000, 0x0000000089000000|100%| E|CS|TAMS 0x0000000088f00000| PB 0x0000000088f00000| Complete |  0
| 120|0x0000000089000000, 0x0000000089100000, 0x0000000089100000|100%| E|CS|TAMS 0x0000000089000000| PB 0x0000000089000000| Complete |  0
| 121|0x0000000089100000, 0x0000000089200000, 0x0000000089200000|100%| E|CS|TAMS 0x0000000089100000| PB 0x0000000089100000| Complete |  0
| 122|0x0000000089200000, 0x0000000089300000, 0x0000000089300000|100%| E|CS|TAMS 0x0000000089200000| PB 0x0000000089200000| Complete |  0
| 123|0x0000000089300000, 0x0000000089400000, 0x0000000089400000|100%| E|CS|TAMS 0x0000000089300000| PB 0x0000000089300000| Complete |  0
| 124|0x0000000089400000, 0x0000000089500000, 0x0000000089500000|100%| E|CS|TAMS 0x0000000089400000| PB 0x0000000089400000| Complete |  0
| 125|0x0000000089500000, 0x0000000089600000, 0x0000000089600000|100%| E|CS|TAMS 0x0000000089500000| PB 0x0000000089500000| Complete |  0
| 126|0x0000000089600000, 0x0000000089700000, 0x0000000089700000|100%| E|CS|TAMS 0x0000000089600000| PB 0x0000000089600000| Complete |  0
| 127|0x0000000089700000, 0x0000000089800000, 0x0000000089800000|100%| E|CS|TAMS 0x0000000089700000| PB 0x0000000089700000| Complete |  0

Card table byte_map: [0x000001d7d4030000,0x000001d7d4430000] _byte_map_base: 0x000001d7d3c24000

Marking Bits: (CMBitMap*) 0x000001d7c176da00
 Bits: [0x000001d7d4430000, 0x000001d7d63d0000)

Polling page: 0x000001d7c0ef0000

Metaspace:
Metaspace        used 18003K, committed 18176K, reserved 1114112K
 class space     used 2041K, committed 2112K, reserved 1048576K

Usage:
  Non-class:     15.59 MB used.
      Class:      1.99 MB used.
       Both:     17.58 MB used.

Virtual space:
  Non-class space:       64.00 MB reserved,      15.69 MB ( 25%) committed,  1 nodes.
      Class space:        1.00 GB reserved,       2.06 MB ( <1%) committed,  1 nodes.
             Both:        1.06 GB reserved,      17.75 MB (  2%) committed. 

Chunk freelists:
   Non-Class:  152.00 KB
       Class:  13.97 MB
        Both:  14.12 MB

MaxMetaspaceSize: unlimited
CompressedClassSpaceSize: 1.00 GB
Initial GC threshold: 21.00 MB
Current GC threshold: 21.00 MB
CDS: off
 - commit_granule_bytes: 65536.
 - commit_granule_words: 8192.
 - virtual_space_node_default_size: 8388608.
 - enlarge_chunks_in_place: 1.
UseCompressedClassPointers 1, UseCompactObjectHeaders 0
Narrow klass pointer bits 32, Max shift 3
Narrow klass base: 0x0000000000000000, Narrow klass shift: 0
Encoding Range: [0x0000000000000000 - 0x0000000100000000), (4294967296 bytes)
Klass Range:    [0x0000000032000000 - 0x0000000072000000), (1073741824 bytes)
Klass ID Range:  [838860800 - 1912602617) (1073741817)
No protection zone.


Internal statistics:

num_allocs_failed_limit: 0.
num_arena_births: 106.
num_arena_deaths: 0.
num_vsnodes_births: 2.
num_vsnodes_deaths: 0.
num_space_committed: 284.
num_space_uncommitted: 0.
num_chunks_returned_to_freelist: 0.
num_chunks_taken_from_freelist: 253.
num_chunk_merges: 0.
num_chunk_splits: 139.
num_chunks_enlarged: 85.
num_inconsistent_stats: 0.

CodeHeap 'non-profiled nmethods': size=120064Kb used=353Kb max_used=353Kb free=119710Kb
 bounds [0x000001d7cc6f0000, 0x000001d7cc960000, 0x000001d7d3c30000]
CodeHeap 'profiled nmethods': size=120064Kb used=1598Kb max_used=1598Kb free=118465Kb
 bounds [0x000001d7c4c10000, 0x000001d7c4e80000, 0x000001d7cc150000]
CodeHeap 'non-nmethods': size=5760Kb used=1386Kb max_used=1406Kb free=4373Kb
 bounds [0x000001d7cc150000, 0x000001d7cc3c0000, 0x000001d7cc6f0000]
CodeCache: size=245888Kb, used=3337Kb, max_used=3357Kb, free=242548Kb
 total_blobs=1770, nmethods=1238, adapters=436, full_count=0
Compilation: enabled, stopped_count=0, restarted_count=0

Compilation events (20 events):
Event: 0.792 Thread 0x000001d7d87e9f70 1199       3       jdk.internal.classfile.impl.Util$1WithCodeMethodHandler::accept (9 bytes)
Event: 0.793 Thread 0x000001d7d87e9f70 nmethod 1199 0x000001d7c4d8f288 code [0x000001d7c4d8f380, 0x000001d7c4d8f710]
Event: 0.793 Thread 0x000001d7d87e9f70 1196       3       java.util.Objects::hash (5 bytes)
Event: 0.793 Thread 0x000001d7d87e9f70 nmethod 1196 0x000001d7c4d8f788 code [0x000001d7c4d8f880, 0x000001d7c4d8fa48]
Event: 0.793 Thread 0x000001d7d87e9f70 1198       3       jdk.internal.classfile.impl.DirectClassBuilder::with (9 bytes)
Event: 0.793 Thread 0x000001d7d87e9f70 nmethod 1198 0x000001d7c4d8fa88 code [0x000001d7c4d8fb80, 0x000001d7c4d90448]
Event: 0.794 Thread 0x000001d7d87e9f70 1200       3       java.lang.classfile.CodeBuilder::invoke (46 bytes)
Event: 0.795 Thread 0x000001d7d87e9f70 nmethod 1200 0x000001d7c4d90488 code [0x000001d7c4d90580, 0x000001d7c4d90a28]
Event: 0.795 Thread 0x000001d7d87e9f70 1201       3       jdk.internal.classfile.impl.DirectCodeBuilder::invoke (43 bytes)
Event: 0.796 Thread 0x000001d7d87e9f70 nmethod 1201 0x000001d7c4d90a88 code [0x000001d7c4d90b80, 0x000001d7c4d91eb8]
Event: 0.796 Thread 0x000001d7d87e9f70 1202       3       jdk.internal.classfile.impl.StackMapGenerator$Frame::setLocalsFromArg (241 bytes)
Event: 0.797 Thread 0x000001d7d87e9f70 nmethod 1202 0x000001d7c4d91f08 code [0x000001d7c4d92000, 0x000001d7c4d933f0]
Event: 0.798 Thread 0x000001d7d87e9f70 1203       1       java.util.concurrent.atomic.AtomicInteger::get (5 bytes)
Event: 0.798 Thread 0x000001d7d87e9f70 nmethod 1203 0x000001d7cc746988 code [0x000001d7cc746a80, 0x000001d7cc746b48]
Event: 0.798 Thread 0x000001d7dd0069a0 1204       4       java.lang.invoke.VarForm::getMemberName (38 bytes)
Event: 0.798 Thread 0x000001d7d87e9f70 1205       3       jdk.internal.misc.Unsafe::checkSize (32 bytes)
Event: 0.798 Thread 0x000001d7d87e9f70 nmethod 1205 0x000001d7c4d93408 code [0x000001d7c4d93500, 0x000001d7c4d93760]
Event: 0.799 Thread 0x000001d7dd0069a0 nmethod 1204 0x000001d7cc746c88 code [0x000001d7cc746d80, 0x000001d7cc746e90]
Event: 0.800 Thread 0x000001d7d87e9f70 1206       3       java.lang.invoke.MethodHandleNatives::refKindHasReceiver (33 bytes)
Event: 0.801 Thread 0x000001d7d87e9f70 nmethod 1206 0x000001d7c4d93788 code [0x000001d7c4d93880, 0x000001d7c4d939c8]

GC Heap Usage History (0 events):
No events

Metaspace Usage History (0 events):
No events

Dll operation events (2 events):
Event: 0.009 Loaded shared library C:\Program Files\Android\Android Studio\jbr\bin\java.dll
Event: 0.014 Loaded shared library C:\Program Files\Android\Android Studio\jbr\bin\zip.dll

Deoptimization events (20 events):
Event: 0.712 Thread 0x000001d7d8a35e90 Uncommon trap: trap_request=0xffffffde fr.pc=0x000001d7cc736c70 relative=0x0000000000000170
Event: 0.712 Thread 0x000001d7d8a35e90 Uncommon trap: reason=class_check action=maybe_recompile pc=0x000001d7cc736c70 method=sun.security.util.math.intpoly.IntegerPolynomial.multByInt([JJ)V @ 26 c2
Event: 0.712 Thread 0x000001d7d8a35e90 DEOPT PACKING pc=0x000001d7cc736c70 sp=0x000000175c2fe650
Event: 0.712 Thread 0x000001d7d8a35e90 DEOPT UNPACKING pc=0x000001d7cc268d02 sp=0x000000175c2fe5f0 mode 2
Event: 0.773 Thread 0x000001d7d8a35e90 Uncommon trap: trap_request=0xffffffd6 fr.pc=0x000001d7cc744468 relative=0x0000000000000648
Event: 0.773 Thread 0x000001d7d8a35e90 Uncommon trap: reason=array_check action=maybe_recompile pc=0x000001d7cc744468 method=jdk.internal.classfile.impl.SplitConstantPool.internalAdd(Ljava/lang/classfile/constantpool/PoolEntry;I)Ljava/lang/classfile/constantpool/PoolEntry; @ 46 c2
Event: 0.773 Thread 0x000001d7d8a35e90 DEOPT PACKING pc=0x000001d7cc744468 sp=0x000000175c2fd030
Event: 0.773 Thread 0x000001d7d8a35e90 DEOPT UNPACKING pc=0x000001d7cc268d02 sp=0x000000175c2fcfc0 mode 2
Event: 0.773 Thread 0x000001d7d8a35e90 Uncommon trap: trap_request=0xffffffd6 fr.pc=0x000001d7cc744468 relative=0x0000000000000648
Event: 0.773 Thread 0x000001d7d8a35e90 Uncommon trap: reason=array_check action=maybe_recompile pc=0x000001d7cc744468 method=jdk.internal.classfile.impl.SplitConstantPool.internalAdd(Ljava/lang/classfile/constantpool/PoolEntry;I)Ljava/lang/classfile/constantpool/PoolEntry; @ 46 c2
Event: 0.773 Thread 0x000001d7d8a35e90 DEOPT PACKING pc=0x000001d7cc744468 sp=0x000000175c2fd030
Event: 0.773 Thread 0x000001d7d8a35e90 DEOPT UNPACKING pc=0x000001d7cc268d02 sp=0x000000175c2fcfc0 mode 2
Event: 0.773 Thread 0x000001d7d8a35e90 Uncommon trap: trap_request=0xffffffd6 fr.pc=0x000001d7cc744468 relative=0x0000000000000648
Event: 0.773 Thread 0x000001d7d8a35e90 Uncommon trap: reason=array_check action=maybe_recompile pc=0x000001d7cc744468 method=jdk.internal.classfile.impl.SplitConstantPool.internalAdd(Ljava/lang/classfile/constantpool/PoolEntry;I)Ljava/lang/classfile/constantpool/PoolEntry; @ 46 c2
Event: 0.773 Thread 0x000001d7d8a35e90 DEOPT PACKING pc=0x000001d7cc744468 sp=0x000000175c2fce80
Event: 0.773 Thread 0x000001d7d8a35e90 DEOPT UNPACKING pc=0x000001d7cc268d02 sp=0x000000175c2fce10 mode 2
Event: 0.773 Thread 0x000001d7d8a35e90 Uncommon trap: trap_request=0xffffffd6 fr.pc=0x000001d7cc744468 relative=0x0000000000000648
Event: 0.773 Thread 0x000001d7d8a35e90 Uncommon trap: reason=array_check action=maybe_recompile pc=0x000001d7cc744468 method=jdk.internal.classfile.impl.SplitConstantPool.internalAdd(Ljava/lang/classfile/constantpool/PoolEntry;I)Ljava/lang/classfile/constantpool/PoolEntry; @ 46 c2
Event: 0.773 Thread 0x000001d7d8a35e90 DEOPT PACKING pc=0x000001d7cc744468 sp=0x000000175c2fce50
Event: 0.773 Thread 0x000001d7d8a35e90 DEOPT UNPACKING pc=0x000001d7cc268d02 sp=0x000000175c2fcde0 mode 2

Classes loaded (20 events):
Event: 0.752 Loading class jdk/internal/event/TLSHandshakeEvent
Event: 0.752 Loading class jdk/internal/event/TLSHandshakeEvent done
Event: 0.752 Loading class com/sun/crypto/provider/GaloisCounterMode$GCMEncrypt
Event: 0.752 Loading class com/sun/crypto/provider/GaloisCounterMode$GCMEncrypt done
Event: 0.753 Loading class com/sun/crypto/provider/GaloisCounterMode$EncryptOp
Event: 0.753 Loading class com/sun/crypto/provider/GaloisCounterMode$EncryptOp done
Event: 0.753 Loading class sun/security/ssl/CipherSuite$1
Event: 0.753 Loading class sun/security/ssl/CipherSuite$1 done
Event: 0.783 Loading class java/util/Collections$UnmodifiableMap$UnmodifiableEntrySet
Event: 0.783 Loading class java/util/Collections$UnmodifiableMap$UnmodifiableEntrySet done
Event: 0.783 Loading class java/util/Collections$UnmodifiableMap$UnmodifiableEntrySet$1
Event: 0.783 Loading class java/util/Collections$UnmodifiableMap$UnmodifiableEntrySet$1 done
Event: 0.783 Loading class java/util/Collections$UnmodifiableMap$UnmodifiableEntrySet$UnmodifiableEntry
Event: 0.783 Loading class java/util/Collections$UnmodifiableMap$UnmodifiableEntrySet$UnmodifiableEntry done
Event: 0.799 Loading class sun/security/ssl/NewSessionTicket$T13NewSessionTicketMessage
Event: 0.799 Loading class sun/security/ssl/NewSessionTicket$NewSessionTicketMessage
Event: 0.799 Loading class sun/security/ssl/NewSessionTicket$NewSessionTicketMessage done
Event: 0.800 Loading class sun/security/ssl/NewSessionTicket$T13NewSessionTicketMessage done
Event: 0.800 Loading class sun/security/util/MemoryCache$QueueCacheEntry
Event: 0.801 Loading class sun/security/util/MemoryCache$QueueCacheEntry done

Classes unloaded (0 events):
No events

Classes redefined (0 events):
No events

Internal exceptions (18 events):
Event: 0.240 Thread 0x000001d7bf46bbe0 Exception <a 'sun/nio/fs/WindowsException'{0x00000000894ac750}> (0x00000000894ac750) 
thrown [s\src\hotspot\share\prims\jni.cpp, line 535]
Event: 0.321 Thread 0x000001d7bf46bbe0 Exception <a 'java/lang/NoSuchMethodError'{0x0000000089236b48}: 'java.lang.Object java.lang.invoke.DirectMethodHandle$Holder.invokeStaticInit(java.lang.Object, java.lang.Object, int, int, int, int)'> (0x0000000089236b48) 
thrown [s\src\hotspot\share\interpreter\linkResolver.cpp, line 815]
Event: 0.348 Thread 0x000001d7bf46bbe0 Exception <a 'java/lang/NoSuchMethodError'{0x00000000892c0738}: 'int java.lang.invoke.DirectMethodHandle$Holder.invokeSpecialIFC(java.lang.Object, java.lang.Object, java.lang.Object)'> (0x00000000892c0738) 
thrown [s\src\hotspot\share\interpreter\linkResolver.cpp, line 815]
Event: 0.390 Thread 0x000001d7bf46bbe0 Exception <a 'java/lang/NoSuchMethodError'{0x00000000891c1f48}: 'long java.lang.invoke.DirectMethodHandle$Holder.invokeSpecial(java.lang.Object, java.lang.Object)'> (0x00000000891c1f48) 
thrown [s\src\hotspot\share\interpreter\linkResolver.cpp, line 815]
Event: 0.391 Thread 0x000001d7bf46bbe0 Exception <a 'java/lang/NoSuchMethodError'{0x00000000891d8f68}: 'int java.lang.invoke.DirectMethodHandle$Holder.invokeStatic(java.lang.Object, java.lang.Object, java.lang.Object, java.lang.Object)'> (0x00000000891d8f68) 
thrown [s\src\hotspot\share\interpreter\linkResolver.cpp, line 815]
Event: 0.480 Thread 0x000001d7bf46bbe0 Exception <a 'java/lang/NoSuchMethodError'{0x0000000088f23ee0}: 'java.lang.Object java.lang.invoke.DirectMethodHandle$Holder.newInvokeSpecial(java.lang.Object, java.lang.Object, java.lang.Object, java.lang.Object, java.lang.Object)'> (0x0000000088f23ee0) 
thrown [s\src\hotspot\share\interpreter\linkResolver.cpp, line 815]
Event: 0.511 Thread 0x000001d7bf46bbe0 Exception <a 'java/lang/NoSuchMethodError'{0x0000000088e8bf38}: 'java.lang.Object java.lang.invoke.Invokers$Holder.linkToTargetMethod(java.lang.Object, java.lang.Object, int, java.lang.Object)'> (0x0000000088e8bf38) 
thrown [s\src\hotspot\share\interpreter\linkResolver.cpp, line 815]
Event: 0.518 Thread 0x000001d7bf46bbe0 Exception <a 'java/lang/NoSuchMethodError'{0x0000000088ead990}: 'void java.lang.invoke.DirectMethodHandle$Holder.invokeSpecial(java.lang.Object, java.lang.Object, java.lang.Object)'> (0x0000000088ead990) 
thrown [s\src\hotspot\share\interpreter\linkResolver.cpp, line 815]
Event: 0.534 Thread 0x000001d7d8a356c0 Exception <a 'java/lang/NoSuchMethodError'{0x0000000088f90908}: 'int java.lang.invoke.DirectMethodHandle$Holder.invokeStatic(java.lang.Object, int, java.lang.Object)'> (0x0000000088f90908) 
thrown [s\src\hotspot\share\interpreter\linkResolver.cpp, line 815]
Event: 0.536 Thread 0x000001d7d8a356c0 Exception <a 'java/lang/NoSuchMethodError'{0x0000000088fa7f70}: 'void java.lang.invoke.DirectMethodHandle$Holder.invokeStatic(java.lang.Object, java.lang.Object, int)'> (0x0000000088fa7f70) 
thrown [s\src\hotspot\share\interpreter\linkResolver.cpp, line 815]
Event: 0.537 Thread 0x000001d7d8a356c0 Exception <a 'java/lang/NoSuchMethodError'{0x0000000088fb7290}: 'java.lang.Object java.lang.invoke.DirectMethodHandle$Holder.newInvokeSpecial(java.lang.Object, java.lang.Object, int)'> (0x0000000088fb7290) 
thrown [s\src\hotspot\share\interpreter\linkResolver.cpp, line 815]
Event: 0.540 Thread 0x000001d7bf46bbe0 Exception <a 'java/lang/NoSuchMethodError'{0x0000000088d731d0}: 'void java.lang.invoke.DirectMethodHandle$Holder.invokeSpecial(java.lang.Object, java.lang.Object, java.lang.Object, java.lang.Object, java.lang.Object)'> (0x0000000088d731d0) 
thrown [s\src\hotspot\share\interpreter\linkResolver.cpp, line 815]
Event: 0.548 Thread 0x000001d7d8a35e90 Exception <a 'java/lang/NoSuchMethodError'{0x0000000088c0bff8}: 'void java.lang.invoke.DirectMethodHandle$Holder.invokeInterface(java.lang.Object, java.lang.Object, java.lang.Object)'> (0x0000000088c0bff8) 
thrown [s\src\hotspot\share\interpreter\linkResolver.cpp, line 815]
Event: 0.563 Thread 0x000001d7d8a35e90 Exception <a 'java/lang/NoSuchMethodError'{0x0000000088c95c08}: 'long java.lang.invoke.DirectMethodHandle$Holder.invokeStatic(java.lang.Object, long, long)'> (0x0000000088c95c08) 
thrown [s\src\hotspot\share\interpreter\linkResolver.cpp, line 815]
Event: 0.563 Thread 0x000001d7d8a356c0 Exception <a 'java/lang/NoSuchMethodError'{0x0000000088ff7320}: 'long java.lang.invoke.DirectMethodHandle$Holder.invokeStatic(java.lang.Object, long, long)'> (0x0000000088ff7320) 
thrown [s\src\hotspot\share\interpreter\linkResolver.cpp, line 815]
Event: 0.685 Thread 0x000001d7d8a35e90 Exception <a 'java/lang/NoSuchMethodError'{0x0000000088a3c798}: 'void java.lang.invoke.DirectMethodHandle$Holder.invokeInterface(java.lang.Object, java.lang.Object)'> (0x0000000088a3c798) 
thrown [s\src\hotspot\share\interpreter\linkResolver.cpp, line 815]
Event: 0.700 Thread 0x000001d7d8a35e90 Exception <a 'java/lang/NoSuchMethodError'{0x0000000088a87f80}: 'java.lang.Object java.lang.invoke.Invokers$Holder.invoke_MT(java.lang.Object, java.lang.Object, java.lang.Object, java.lang.Object, java.lang.Object, java.lang.Object)'> (0x0000000088a87f80) 
thrown [s\src\hotspot\share\interpreter\linkResolver.cpp, line 815]
Event: 0.754 Thread 0x000001d7d8a35e90 Exception <a 'java/lang/NoSuchMethodError'{0x0000000088945c18}: 'void java.lang.invoke.DirectMethodHandle$Holder.invokeStatic(java.lang.Object, java.lang.Object, java.lang.Object, java.lang.Object)'> (0x0000000088945c18) 
thrown [s\src\hotspot\share\interpreter\linkResolver.cpp, line 815]

VM Operations (10 events):
Event: 0.118 Executing non-safepoint VM operation: HandshakeAllThreads (Deoptimize)
Event: 0.118 Executing non-safepoint VM operation: HandshakeAllThreads (Deoptimize) done
Event: 0.157 Executing non-safepoint VM operation: HandshakeAllThreads (Deoptimize)
Event: 0.157 Executing non-safepoint VM operation: HandshakeAllThreads (Deoptimize) done
Event: 0.299 Executing non-safepoint VM operation: HandshakeAllThreads (Deoptimize)
Event: 0.299 Executing non-safepoint VM operation: HandshakeAllThreads (Deoptimize) done
Event: 0.393 Executing non-safepoint VM operation: HandshakeAllThreads (Deoptimize)
Event: 0.393 Executing non-safepoint VM operation: HandshakeAllThreads (Deoptimize) done
Event: 0.697 Executing non-safepoint VM operation: HandshakeAllThreads (Deoptimize)
Event: 0.697 Executing non-safepoint VM operation: HandshakeAllThreads (Deoptimize) done

Memory protections (0 events):
No events

Nmethod flushes (0 events):
No events

Events (20 events):
Event: 0.013 Thread 0x000001d7bf46bbe0 Thread added: 0x000001d7bf46bbe0
Event: 0.053 Thread 0x000001d7bf46bbe0 Thread added: 0x000001d7d879cb60
Event: 0.058 Thread 0x000001d7bf46bbe0 Thread added: 0x000001d7d87a0030
Event: 0.058 Thread 0x000001d7bf46bbe0 Thread added: 0x000001d7d87ba920
Event: 0.059 Thread 0x000001d7bf46bbe0 Thread added: 0x000001d7d87d7fa0
Event: 0.059 Thread 0x000001d7bf46bbe0 Thread added: 0x000001d7d87e8c80
Event: 0.060 Thread 0x000001d7bf46bbe0 Thread added: 0x000001d7d87bb610
Event: 0.060 Thread 0x000001d7bf46bbe0 Thread added: 0x000001d7d87bbdd0
Event: 0.060 Thread 0x000001d7bf46bbe0 Thread added: 0x000001d7d87c9150
Event: 0.060 Thread 0x000001d7bf46bbe0 Thread added: 0x000001d7d87e9f70
Event: 0.092 Thread 0x000001d7bf46bbe0 Thread added: 0x000001d7d8a34ef0
Event: 0.104 Loaded shared library C:\Program Files\Android\Android Studio\jbr\bin\net.dll
Event: 0.106 Loaded shared library C:\Program Files\Android\Android Studio\jbr\bin\nio.dll
Event: 0.114 Loaded shared library C:\Program Files\Android\Android Studio\jbr\bin\zip.dll
Event: 0.252 Loaded shared library C:\Program Files\Android\Android Studio\jbr\bin\jimage.dll
Event: 0.468 Loaded shared library C:\Program Files\Android\Android Studio\jbr\bin\extnet.dll
Event: 0.475 Thread 0x000001d7bf46bbe0 Thread added: 0x000001d7d8a356c0
Event: 0.544 Thread 0x000001d7d8a356c0 Thread added: 0x000001d7d8a35e90
Event: 0.566 Thread 0x000001d7d8a356c0 Thread added: 0x000001d7d8a36e30
Event: 0.617 Thread 0x000001d7d87e9f70 Thread added: 0x000001d7dd0069a0


Dynamic libraries:
0x00007ff70c0c0000 - 0x00007ff70c0ca000 	C:\Program Files\Android\Android Studio\jbr\bin\java.exe
0x00007ffaef4f0000 - 0x00007ffaef6e8000 	C:\WINDOWS\SYSTEM32\ntdll.dll
0x00007ffaee680000 - 0x00007ffaee742000 	C:\WINDOWS\System32\KERNEL32.DLL
0x00007ffaecda0000 - 0x00007ffaed096000 	C:\WINDOWS\System32\KERNELBASE.dll
0x00007ffaed0a0000 - 0x00007ffaed1a0000 	C:\WINDOWS\System32\ucrtbase.dll
0x00007ffada920000 - 0x00007ffada936000 	C:\Program Files\Android\Android Studio\jbr\bin\jli.dll
0x00007ffada870000 - 0x00007ffada88b000 	C:\Program Files\Android\Android Studio\jbr\bin\VCRUNTIME140.dll
0x00007ffaed510000 - 0x00007ffaed6b1000 	C:\WINDOWS\System32\USER32.dll
0x00007ffad6520000 - 0x00007ffad67bb000 	C:\WINDOWS\WinSxS\amd64_microsoft.windows.common-controls_6595b64144ccf1df_6.0.19041.6456_none_60b8a6cb71f64256\COMCTL32.dll
0x00007ffaecb80000 - 0x00007ffaecba2000 	C:\WINDOWS\System32\win32u.dll
0x00007ffaee570000 - 0x00007ffaee59b000 	C:\WINDOWS\System32\GDI32.dll
0x00007ffaee9b0000 - 0x00007ffaeea4e000 	C:\WINDOWS\System32\msvcrt.dll
0x00007ffaed350000 - 0x00007ffaed469000 	C:\WINDOWS\System32\gdi32full.dll
0x00007ffaed470000 - 0x00007ffaed50d000 	C:\WINDOWS\System32\msvcp_win.dll
0x00007ffaeecd0000 - 0x00007ffaeecff000 	C:\WINDOWS\System32\IMM32.DLL
0x00007ffad40e0000 - 0x00007ffad40ec000 	C:\Program Files\Android\Android Studio\jbr\bin\vcruntime140_1.dll
0x00007ffac1840000 - 0x00007ffac18cd000 	C:\Program Files\Android\Android Studio\jbr\bin\msvcp140.dll
0x00007ffa87ee0000 - 0x00007ffa88dbd000 	C:\Program Files\Android\Android Studio\jbr\bin\server\jvm.dll
0x00007ffaef2c0000 - 0x00007ffaef371000 	C:\WINDOWS\System32\ADVAPI32.dll
0x00007ffaed6c0000 - 0x00007ffaed75f000 	C:\WINDOWS\System32\sechost.dll
0x00007ffaee750000 - 0x00007ffaee870000 	C:\WINDOWS\System32\RPCRT4.dll
0x00007ffaecd70000 - 0x00007ffaecd97000 	C:\WINDOWS\System32\bcrypt.dll
0x00007ffaedbd0000 - 0x00007ffaedc3b000 	C:\WINDOWS\System32\WS2_32.dll
0x00007ffaec090000 - 0x00007ffaec0db000 	C:\WINDOWS\SYSTEM32\POWRPROF.dll
0x00007ffadf750000 - 0x00007ffadf75a000 	C:\WINDOWS\SYSTEM32\VERSION.dll
0x00007ffad62f0000 - 0x00007ffad6317000 	C:\WINDOWS\SYSTEM32\WINMM.dll
0x00007ffaebf50000 - 0x00007ffaebf62000 	C:\WINDOWS\SYSTEM32\UMPDC.dll
0x00007ffaea9b0000 - 0x00007ffaea9c2000 	C:\WINDOWS\SYSTEM32\kernel.appcore.dll
0x00007ffad40d0000 - 0x00007ffad40da000 	C:\Program Files\Android\Android Studio\jbr\bin\jimage.dll
0x00007ffaea310000 - 0x00007ffaea511000 	C:\WINDOWS\SYSTEM32\DBGHELP.DLL
0x00007ffae4660000 - 0x00007ffae4694000 	C:\WINDOWS\SYSTEM32\dbgcore.DLL
0x00007ffaecbb0000 - 0x00007ffaecc32000 	C:\WINDOWS\System32\bcryptPrimitives.dll
0x00007ffac8360000 - 0x00007ffac837e000 	C:\Program Files\Android\Android Studio\jbr\bin\java.dll
0x00007ffaef380000 - 0x00007ffaef4ab000 	C:\WINDOWS\System32\ole32.dll
0x00007ffaeed00000 - 0x00007ffaef054000 	C:\WINDOWS\System32\combase.dll
0x00007ffaede00000 - 0x00007ffaee570000 	C:\WINDOWS\System32\SHELL32.dll
0x00007ffac7670000 - 0x00007ffac7686000 	C:\Program Files\Android\Android Studio\jbr\bin\zip.dll
0x00007ffaeabb0000 - 0x00007ffaeb355000 	C:\WINDOWS\SYSTEM32\windows.storage.dll
0x00007ffaec5b0000 - 0x00007ffaec5db000 	C:\WINDOWS\SYSTEM32\Wldp.dll
0x00007ffaef140000 - 0x00007ffaef20d000 	C:\WINDOWS\System32\OLEAUT32.dll
0x00007ffaef210000 - 0x00007ffaef2bd000 	C:\WINDOWS\System32\SHCORE.dll
0x00007ffaeea50000 - 0x00007ffaeeaab000 	C:\WINDOWS\System32\shlwapi.dll
0x00007ffaecab0000 - 0x00007ffaecad4000 	C:\WINDOWS\SYSTEM32\profapi.dll
0x00007ffac7c20000 - 0x00007ffac7c30000 	C:\Program Files\Android\Android Studio\jbr\bin\net.dll
0x00007ffaec2f0000 - 0x00007ffaec35a000 	C:\WINDOWS\system32\mswsock.dll
0x00007ffac7650000 - 0x00007ffac7666000 	C:\Program Files\Android\Android Studio\jbr\bin\nio.dll
0x00007ffaec500000 - 0x00007ffaec518000 	C:\WINDOWS\SYSTEM32\CRYPTSP.dll
0x00007ffaebb80000 - 0x00007ffaebbb8000 	C:\WINDOWS\system32\rsaenh.dll
0x00007ffaeca30000 - 0x00007ffaeca5e000 	C:\WINDOWS\SYSTEM32\USERENV.dll
0x00007ffaec520000 - 0x00007ffaec52c000 	C:\WINDOWS\SYSTEM32\CRYPTBASE.dll
0x00007ffaebf80000 - 0x00007ffaebfbb000 	C:\WINDOWS\SYSTEM32\IPHLPAPI.DLL
0x00007ffaedc40000 - 0x00007ffaedc48000 	C:\WINDOWS\System32\NSI.dll
0x00007ffae6cf0000 - 0x00007ffae6cf7000 	C:\WINDOWS\system32\wshunix.dll
0x00007ffac5d30000 - 0x00007ffac5d39000 	C:\Program Files\Android\Android Studio\jbr\bin\extnet.dll

JVMTI agents: none

dbghelp: loaded successfully - version: 4.0.5 - missing functions: none
symbol engine: initialized successfully - sym options: 0x614 - pdb path: .;C:\Program Files\Android\Android Studio\jbr\bin;C:\WINDOWS\SYSTEM32;C:\WINDOWS\WinSxS\amd64_microsoft.windows.common-controls_6595b64144ccf1df_6.0.19041.6456_none_60b8a6cb71f64256;C:\Program Files\Android\Android Studio\jbr\bin\server

VM Arguments:
java_command: git4idea.http.GitAskPassApp Username for 'https://github.com': 
java_class_path (initial): C:/Program Files/Android/Android Studio/plugins/vcs-git/lib/git4idea-rt.jar;C:/Program Files/Android/Android Studio/lib/externalProcess-rt.jar
Launcher Type: SUN_STANDARD

[Global flags]
     intx CICompilerCount                          = 3                                         {product} {ergonomic}
     uint ConcGCThreads                            = 1                                         {product} {ergonomic}
     uint G1ConcRefinementThreads                  = 4                                         {product} {ergonomic}
   size_t G1HeapRegionSize                         = 1048576                                   {product} {ergonomic}
   size_t InitialHeapSize                          = 134217728                                 {product} {ergonomic}
   size_t MarkStackSize                            = 4194304                                   {product} {ergonomic}
   size_t MarkStackSizeMax                         = 536870912                                 {product} {ergonomic}
   size_t MaxHeapSize                              = 2122317824                                {product} {ergonomic}
   size_t MaxNewSize                               = 1272971264                                {product} {ergonomic}
   size_t MinHeapDeltaBytes                        = 1048576                                   {product} {ergonomic}
   size_t MinHeapSize                              = 8388608                                   {product} {ergonomic}
    uintx NonNMethodCodeHeapSize                   = 5898240                                {pd product} {ergonomic}
    uintx NonProfiledCodeHeapSize                  = 122945536                              {pd product} {ergonomic}
    uintx ProfiledCodeHeapSize                     = 122945536                              {pd product} {ergonomic}
    uintx ReservedCodeCacheSize                    = 251789312                              {pd product} {ergonomic}
     bool SegmentedCodeCache                       = true                                      {product} {ergonomic}
   size_t SoftMaxHeapSize                          = 2122317824                             {manageable} {ergonomic}
     bool UseCompressedOops                        = true                           {product lp64_product} {ergonomic}
     bool UseG1GC                                  = true                                      {product} {ergonomic}
     bool UseLargePagesIndividualAllocation        = false                                  {pd product} {ergonomic}

Logging:
Log output configuration:
 #0: stdout all=warning uptime,level,tags foldmultilines=false
 #1: stderr all=off uptime,level,tags foldmultilines=false

Release file:
JAVA_VERSION="25.0.3" 
MODULES="java.base java.compiler java.datatransfer java.xml java.prefs java.desktop java.instrument java.logging java.management java.security.sasl java.naming java.rmi java.management.rmi java.net.http java.scripting java.security.jgss java.transaction.xa java.sql java.sql.rowset java.xml.crypto java.se java.smartcardio jdk.accessibility jdk.internal.jvmstat jdk.attach jdk.charsets jdk.internal.opt jdk.zipfs jdk.compiler jdk.crypto.cryptoki jdk.crypto.ec jdk.dynalink jdk.hotspot.agent jdk.httpserver jdk.internal.ed jdk.internal.le jdk.internal.md jdk.internal.vm.ci jdk.jartool jdk.javadoc jdk.jcmd jdk.jdeps jdk.jdwp.agent jdk.jdi jdk.jfr jdk.jlink jdk.localedata jdk.management jdk.management.agent jdk.management.jfr jdk.naming.dns jdk.naming.rmi jdk.net jdk.sctp jdk.security.auth jdk.security.jgss jdk.unsupported jdk.unsupported.desktop jdk.xml.dom" 
IMPLEMENTOR="JetBrains s.r.o." 
JAVA_RUNTIME_VERSION="25.0.3+-15898627-b508.16" 
LIBC="default" 
OS_ARCH="x86_64" 
OS_NAME="Windows" 
SOURCE=".:git:a8b1dba3234f" 

Environment Variables:
PATH=C:/Program Files/Git/mingw64/libexec/git-core;C:/Program Files/Git/mingw64/libexec/git-core;C:\Program Files\Git\mingw64\bin;C:\Program Files\Git\usr\bin;C:\Users\saadm\bin;C:\WINDOWS\system32;C:\WINDOWS;C:\WINDOWS\System32\Wbem;C:\WINDOWS\System32\WindowsPowerShell\v1.0\;C:\WINDOWS\System32\OpenSSH\;C:\Program Files\nodejs\;C:\Program Files\Git\cmd;C:\Program Files\dotnet\;C:\Program Files (x86)\cloudflared\;C:\Users\saadm\AppData\Local\Microsoft\WindowsApps;C:\Users\saadm\AppData\Roaming\npm;C:\Users\saadm\AppData\Local\Programs\Microsoft VS Code\bin;C:\Users\saadm\.dotnet\tools;C:\Users\saadm\flutter\bin;C:\Users\saadm\AppData\Local\Programs\Antigravity IDE\bin
USERNAME=saadm
DISPLAY=:0.0
LC_ALL=en_US.UTF-8
TERM=xterm-256color
TMPDIR=C:\Users\saadm\AppData\Local\Temp
OS=Windows_NT
PROCESSOR_IDENTIFIER=Intel64 Family 6 Model 60 Stepping 3, GenuineIntel
TMP=C:\Users\saadm\AppData\Local\Temp
TEMP=C:\Users\saadm\AppData\Local\Temp




Compilation memory statistics disabled.

Periodic native trim disabled

JNI global refs:
JNI global refs: 18, weak refs: 0

JNI global refs memory usage: 835, weak refs: 201

Process memory usage:
Resident Set Size: 82052K (0% of 8283976K total physical memory with 1221316K free physical memory)

OOME stack traces (most recent first):
Classloader memory used:
Loader bootstrap                                                                       : 16364 K
Loader jdk.internal.loader.ClassLoaders$PlatformClassLoader                            : 1609 K
Loader jdk.internal.loader.ClassLoaders$AppClassLoader                                 : 30960 B

---------------  S Y S T E M  ---------------

OS:
 Windows 10 , 64 bit Build 19041 (10.0.19041.5915)
OS uptime: 9 days 7:56 hours
Hyper-V role detected

CPU: total 4 (initial active 4) (2 cores per cpu, 2 threads per core) family 6 model 60 stepping 3 microcode 0x27, cx8, cmov, fxsr, ht, mmx, sse, sse2, sse3, ssse3, sse4.1, sse4.2, popcnt, lzcnt, tsc, tscinvbit, avx, avx2, aes, erms, clmul, bmi1, bmi2, fma, vzeroupper, clflush, hv, rdtscp, f16c
Processor Information for the first 4 processors :
  Max Mhz: 2601, Current Mhz: 2601, Mhz Limit: 2601

Memory: 4k page, system-wide physical 8089M (1192M free)
TotalPageFile size 32665M (AvailPageFile size 4M)
current process WorkingSet (physical memory assigned to process): 80M, peak: 80M
current process commit charge ("private bytes"): 221M, peak: 222M

vm_info: OpenJDK 64-Bit Server VM (25.0.3+-15898627-b508.16) for windows-amd64 JRE (25.0.3+-15898627-b508.16), built on 2026-07-20T17:54:23Z with MS VC++ 16.10 / 16.11 (VS2019)

END.
