#
# There is insufficient memory for the Java Runtime Environment to continue.
# Native memory allocation (mmap) failed to map 2097152 bytes. Error detail: G1 virtual space
# Possible reasons:
#   The system is out of physical RAM or swap space
#   This process is running with CompressedOops enabled, and the Java Heap may be blocking the growth of the native heap
# Possible solutions:
#   Reduce memory load on the system
#   Increase physical memory or swap space
#   Check if swap backing store is full
#   Decrease Java heap size (-Xmx/-Xms)
#   Decrease number of Java threads
#   Decrease Java thread stack sizes (-Xss)
#   Set larger code cache with -XX:ReservedCodeCacheSize=
#   JVM is running with Unscaled Compressed Oops mode in which the Java heap is
#     placed in the first 4GB address space. The Java Heap base address is the
#     maximum limit for the native heap growth. Please use -XX:HeapBaseMinAddress
#     to set the Java Heap base and to place the Java Heap above 4GB virtual address.
# This output file may be truncated or incomplete.
#
#  Out of Memory Error (os_windows.cpp:3766), pid=16936, tid=4956
#
# JRE version:  (25.0.3) (build )
# Java VM: OpenJDK 64-Bit Server VM (25.0.3+-15898627-b508.16, mixed mode, sharing, tiered, compressed oops, compressed class ptrs, g1 gc, windows-amd64)
# No core dump will be written. Minidumps are not enabled by default on client versions of Windows
#

---------------  S U M M A R Y ------------

Command Line: git4idea.http.GitAskPassApp Username for 'https://github.com': 

Host: Intel(R) Core(TM) i5-4210M CPU @ 2.60GHz, 4 cores, 7G,  Windows 10 , 64 bit Build 19041 (10.0.19041.5915)
Time: Sat Sep 19 20:22:04 2026 India Standard Time elapsed time: 0.016191 seconds (0d 0h 0m 0s)

---------------  T H R E A D  ---------------

Current thread (0x0000020e7e73db00):  JavaThread "Unknown thread" [_thread_in_vm, id=4956, stack(0x000000493c300000,0x000000493c400000) (1024K)]

Stack: [0x000000493c300000,0x000000493c400000]
Native frames: (J=compiled Java code, j=interpreted, Vv=VM code, C=native code)
V  [jvm.dll+0x7bf039]  (no source info available)
V  [jvm.dll+0x78912d]  (no source info available)
V  [jvm.dll+0xa0e615]  (no source info available)
V  [jvm.dll+0xa10c94]  (no source info available)
V  [jvm.dll+0xa11393]  (no source info available)
V  [jvm.dll+0x30a116]  (no source info available)
V  [jvm.dll+0x7bb145]  (no source info available)
V  [jvm.dll+0x7adc17]  (no source info available)
V  [jvm.dll+0x3fea3b]  (no source info available)
V  [jvm.dll+0x406bf6]  (no source info available)
V  [jvm.dll+0x3f30bb]  (no source info available)
V  [jvm.dll+0x3f3388]  (no source info available)
V  [jvm.dll+0x3c8622]  (no source info available)
V  [jvm.dll+0x3c943e]  (no source info available)
V  [jvm.dll+0x9d36cf]  (no source info available)
V  [jvm.dll+0x464f42]  (no source info available)
V  [jvm.dll+0x9b74d2]  (no source info available)
V  [jvm.dll+0x507b3e]  (no source info available)
V  [jvm.dll+0x5093c1]  (no source info available)
C  [jli.dll+0x5401]  (no source info available)
C  [ucrtbase.dll+0x21bb2]  (no source info available)
C  [KERNEL32.DLL+0x17374]  (no source info available)
C  [ntdll.dll+0x4cc91]  (no source info available)

Lock stack of current Java thread (top to bottom):


---------------  P R O C E S S  ---------------

Threads class SMR info:
_java_thread_list=0x00007ffa88c41c08, length=0, elements={
}

Java Threads: ( => current thread )
Total: 0

Other Threads:
  0x0000020e7f58eea0 WorkerThread "GC Thread#0"                     [id=6992, stack(0x000000493c400000,0x000000493c500000) (1024K)]
  0x0000020e7f5e7010 ConcurrentGCThread "G1 Main Marker"            [id=5288, stack(0x000000493c500000,0x000000493c600000) (1024K)]
  0x0000020e7f5e83c0 WorkerThread "G1 Conc#0"                       [id=13108, stack(0x000000493c600000,0x000000493c700000) (1024K)]

[error occurred during error reporting (printing all threads), id 0xc0000005, EXCEPTION_ACCESS_VIOLATION (0xc0000005) at pc=0x00007ffa882bdbba]
VM state: not at safepoint (not fully initialized)

VM Mutex/Monitor currently owned by a thread:  ([mutex/lock_event])
[0x00007ffa88cc7aa8] Heap_lock - owner thread: 0x0000020e7e73db00

Heap address: 0x0000000081800000, size: 2024 MB, Compressed Oops mode: 32-bit

CDS archive(s) mapped at: [0x0000000000000000-0x0000000000000000-0x0000000000000000), size 0, SharedBaseAddress: 0x0000000800000000, ArchiveRelocationMode: 1.
UseCompressedClassPointers 1, UseCompactObjectHeaders 0
Narrow klass pointer bits 32, Max shift 3
Narrow klass base: 0xffffffffffffffff, Narrow klass shift: -1
Encoding Range: [0xffffffffffffffff - 0x000000007fffffff), (2147483648 bytes)
Klass Range:    [0x0000000000000000 - 0x0000000000000000), (0 bytes)
Klass ID Range:  [4294967295 - 0) (1)
No protection zone.

GC Precious Log:
 CardTable entry size: 512
 Card Set container configuration: InlinePtr #cards 5 size 8 Array Of Cards #cards 10 size 36 Howl #buckets 4 coarsen threshold 1843 Howl Bitmap #cards 512 size 80 coarsen threshold 460 Card regions per heap region 1 cards per card region 2048

Heap:
 garbage-first heap   total reserved 2072576K, committed 0K, used 0K [0x0000000081800000, 0x0000000100000000)
  region size 1024K, 0 young (0K), 0 survivors (0K)

Heap Regions: E=young(eden), S=young(survivor), O=old, HS=humongous(starts), HC=humongous(continues), CS=collection set, F=free, TAMS=top-at-mark-start, PB=parsable bottom

Card table byte_map: [0x0000020e7fa00000,0x0000020e7fe00000] _byte_map_base: 0x0000020e7f5f4000

Marking Bits: (CMBitMap*) 0x0000020e7f58f630
 Bits: [0x0000020e13860000, 0x0000020e15800000)

GC Heap Usage History (0 events):
No events

Metaspace Usage History (0 events):
No events

Dll operation events (1 events):
Event: 0.009 Loaded shared library C:\Program Files\Android\Android Studio\jbr\bin\java.dll

Deoptimization events (0 events):
No events

Classes loaded (0 events):
No events

Classes unloaded (0 events):
No events

Classes redefined (0 events):
No events

Internal exceptions (0 events):
No events

VM Operations (0 events):
No events

Memory protections (0 events):
No events

Nmethod flushes (0 events):
No events

Events (0 events):
No events


Dynamic libraries:
0x00007ff6c1080000 - 0x00007ff6c108a000 	C:\Program Files\Android\Android Studio\jbr\bin\java.exe
0x00007ffaef4f0000 - 0x00007ffaef6e8000 	C:\WINDOWS\SYSTEM32\ntdll.dll
0x00007ffaee680000 - 0x00007ffaee742000 	C:\WINDOWS\System32\KERNEL32.DLL
0x00007ffaecda0000 - 0x00007ffaed096000 	C:\WINDOWS\System32\KERNELBASE.dll
0x00007ffaed0a0000 - 0x00007ffaed1a0000 	C:\WINDOWS\System32\ucrtbase.dll
0x00007ffada870000 - 0x00007ffada88b000 	C:\Program Files\Android\Android Studio\jbr\bin\VCRUNTIME140.dll
0x00007ffad7ec0000 - 0x00007ffad7ed6000 	C:\Program Files\Android\Android Studio\jbr\bin\jli.dll
0x00007ffaed510000 - 0x00007ffaed6b1000 	C:\WINDOWS\System32\USER32.dll
0x00007ffad6520000 - 0x00007ffad67bb000 	C:\WINDOWS\WinSxS\amd64_microsoft.windows.common-controls_6595b64144ccf1df_6.0.19041.6456_none_60b8a6cb71f64256\COMCTL32.dll
0x00007ffaecb80000 - 0x00007ffaecba2000 	C:\WINDOWS\System32\win32u.dll
0x00007ffaee570000 - 0x00007ffaee59b000 	C:\WINDOWS\System32\GDI32.dll
0x00007ffaee9b0000 - 0x00007ffaeea4e000 	C:\WINDOWS\System32\msvcrt.dll
0x00007ffaed350000 - 0x00007ffaed469000 	C:\WINDOWS\System32\gdi32full.dll
0x00007ffaed470000 - 0x00007ffaed50d000 	C:\WINDOWS\System32\msvcp_win.dll
0x00007ffaeecd0000 - 0x00007ffaeecff000 	C:\WINDOWS\System32\IMM32.DLL
0x00007ffad40e0000 - 0x00007ffad40ec000 	C:\Program Files\Android\Android Studio\jbr\bin\vcruntime140_1.dll
0x00007ffac1840000 - 0x00007ffac18cd000 	C:\Program Files\Android\Android Studio\jbr\bin\msvcp140.dll
0x00007ffa87ee0000 - 0x00007ffa88dbd000 	C:\Program Files\Android\Android Studio\jbr\bin\server\jvm.dll
0x00007ffaef2c0000 - 0x00007ffaef371000 	C:\WINDOWS\System32\ADVAPI32.dll
0x00007ffaed6c0000 - 0x00007ffaed75f000 	C:\WINDOWS\System32\sechost.dll
0x00007ffaee750000 - 0x00007ffaee870000 	C:\WINDOWS\System32\RPCRT4.dll
0x00007ffaecd70000 - 0x00007ffaecd97000 	C:\WINDOWS\System32\bcrypt.dll
0x00007ffaedbd0000 - 0x00007ffaedc3b000 	C:\WINDOWS\System32\WS2_32.dll
0x00007ffad62f0000 - 0x00007ffad6317000 	C:\WINDOWS\SYSTEM32\WINMM.dll
0x00007ffaec090000 - 0x00007ffaec0db000 	C:\WINDOWS\SYSTEM32\POWRPROF.dll
0x00007ffadf750000 - 0x00007ffadf75a000 	C:\WINDOWS\SYSTEM32\VERSION.dll
0x00007ffaebf50000 - 0x00007ffaebf62000 	C:\WINDOWS\SYSTEM32\UMPDC.dll
0x00007ffaea9b0000 - 0x00007ffaea9c2000 	C:\WINDOWS\SYSTEM32\kernel.appcore.dll
0x00007ffad40d0000 - 0x00007ffad40da000 	C:\Program Files\Android\Android Studio\jbr\bin\jimage.dll
0x00007ffaea310000 - 0x00007ffaea511000 	C:\WINDOWS\SYSTEM32\DBGHELP.DLL
0x00007ffae4660000 - 0x00007ffae4694000 	C:\WINDOWS\SYSTEM32\dbgcore.DLL
0x00007ffaecbb0000 - 0x00007ffaecc32000 	C:\WINDOWS\System32\bcryptPrimitives.dll
0x00007ffac8360000 - 0x00007ffac837e000 	C:\Program Files\Android\Android Studio\jbr\bin\java.dll
0x00007ffaef380000 - 0x00007ffaef4ab000 	C:\WINDOWS\System32\ole32.dll
0x00007ffaeed00000 - 0x00007ffaef054000 	C:\WINDOWS\System32\combase.dll
0x00007ffaede00000 - 0x00007ffaee570000 	C:\WINDOWS\System32\SHELL32.dll

JVMTI agents: none

dbghelp: loaded successfully - version: 4.0.5 - missing functions: none
symbol engine: initialized successfully - sym options: 0x614 - pdb path: .;C:\Program Files\Android\Android Studio\jbr\bin;C:\WINDOWS\SYSTEM32;C:\WINDOWS\WinSxS\amd64_microsoft.windows.common-controls_6595b64144ccf1df_6.0.19041.6456_none_60b8a6cb71f64256;C:\Program Files\Android\Android Studio\jbr\bin\server

VM Arguments:
java_command: git4idea.http.GitAskPassApp Username for 'https://github.com': 
java_class_path (initial): C:/Program Files/Android/Android Studio/plugins/vcs-git/lib/git4idea-rt.jar;C:/Program Files/Android/Android Studio/lib/externalProcess-rt.jar
Launcher Type: SUN_STANDARD

[Global flags]
     intx CICompilerCount                          = 3                                         {product} {ergonomic}
     uint ConcGCThreads                            = 1                                         {product} {ergonomic}
     uint G1ConcRefinementThreads                  = 4                                         {product} {ergonomic}
   size_t G1HeapRegionSize                         = 1048576                                   {product} {ergonomic}
   size_t InitialHeapSize                          = 134217728                                 {product} {ergonomic}
   size_t MarkStackSize                            = 4194304                                   {product} {ergonomic}
   size_t MarkStackSizeMax                         = 536870912                                 {product} {ergonomic}
   size_t MaxHeapSize                              = 2122317824                                {product} {ergonomic}
   size_t MinHeapDeltaBytes                        = 1048576                                   {product} {ergonomic}
   size_t MinHeapSize                              = 8388608                                   {product} {ergonomic}
    uintx NonNMethodCodeHeapSize                   = 5898240                                {pd product} {ergonomic}
    uintx NonProfiledCodeHeapSize                  = 122945536                              {pd product} {ergonomic}
    uintx ProfiledCodeHeapSize                     = 122945536                              {pd product} {ergonomic}
    uintx ReservedCodeCacheSize                    = 251789312                              {pd product} {ergonomic}
     bool SegmentedCodeCache                       = true                                      {product} {ergonomic}
   size_t SoftMaxHeapSize                          = 2122317824                             {manageable} {ergonomic}
     bool UseCompressedOops                        = true                           {product lp64_product} {ergonomic}
     bool UseG1GC                                  = true                                      {product} {ergonomic}
     bool UseLargePagesIndividualAllocation        = false                                  {pd product} {ergonomic}

Logging:
Log output configuration:
 #0: stdout all=warning uptime,level,tags foldmultilines=false
 #1: stderr all=off uptime,level,tags foldmultilines=false

Release file:
<release file has not been read>
Environment Variables:
PATH=C:/Program Files/Git/mingw64/libexec/git-core;C:/Program Files/Git/mingw64/libexec/git-core;C:\Program Files\Git\mingw64\bin;C:\Program Files\Git\usr\bin;C:\Users\saadm\bin;C:\WINDOWS\system32;C:\WINDOWS;C:\WINDOWS\System32\Wbem;C:\WINDOWS\System32\WindowsPowerShell\v1.0\;C:\WINDOWS\System32\OpenSSH\;C:\Program Files\nodejs\;C:\Program Files\Git\cmd;C:\Program Files\dotnet\;C:\Program Files (x86)\cloudflared\;C:\Users\saadm\AppData\Local\Microsoft\WindowsApps;C:\Users\saadm\AppData\Roaming\npm;C:\Users\saadm\AppData\Local\Programs\Microsoft VS Code\bin;C:\Users\saadm\.dotnet\tools;C:\Users\saadm\flutter\bin;C:\Users\saadm\AppData\Local\Programs\Antigravity IDE\bin
USERNAME=saadm
DISPLAY=:0.0
LC_ALL=en_US.UTF-8
TERM=xterm-256color
TMPDIR=C:\Users\saadm\AppData\Local\Temp
OS=Windows_NT
PROCESSOR_IDENTIFIER=Intel64 Family 6 Model 60 Stepping 3, GenuineIntel
TMP=C:\Users\saadm\AppData\Local\Temp
TEMP=C:\Users\saadm\AppData\Local\Temp




Compilation memory statistics disabled.

Periodic native trim disabled

JNI global refs:
JNI global refs: 0, weak refs: 0

JNI global refs memory usage: 0, weak refs: 0

Process memory usage:
Resident Set Size: 12160K (0% of 8283976K total physical memory with 700824K free physical memory)

OOME stack traces (most recent first):
Classloader memory used:

---------------  S Y S T E M  ---------------

OS:
 Windows 10 , 64 bit Build 19041 (10.0.19041.5915)
OS uptime: 9 days 20:53 hours
Hyper-V role detected

CPU: total 4 (initial active 4) (2 cores per cpu, 2 threads per core) family 6 model 60 stepping 3 microcode 0x27, cx8, cmov, fxsr, ht, mmx, sse, sse2, sse3, ssse3, sse4.1, sse4.2, popcnt, lzcnt, tsc, tscinvbit, avx, avx2, aes, erms, clmul, bmi1, bmi2, fma, vzeroupper, clflush, hv, rdtscp, f16c
Processor Information for the first 4 processors :
  Max Mhz: 2601, Current Mhz: 2601, Mhz Limit: 2601

Memory: 4k page, system-wide physical 8089M (684M free)
TotalPageFile size 32665M (AvailPageFile size 5M)
current process WorkingSet (physical memory assigned to process): 11M, peak: 11M
current process commit charge ("private bytes"): 180M, peak: 182M

vm_info: OpenJDK 64-Bit Server VM (25.0.3+-15898627-b508.16) for windows-amd64 JRE (25.0.3+-15898627-b508.16), built on 2026-07-20T17:54:23Z with MS VC++ 16.10 / 16.11 (VS2019)

END.
